// Jest Snapshot v1, https://goo.gl/fbAQLP

exports[`Button component should render correctly 1`] = `
<button
  className="className"
  onClick={[MockFunction]}
>
  <i
    className="buttonIcon"
  />
</button>
`;
